usage: main.py [-h] [--model {vit-tiny,vit-small,vit-base,vit-large,vit-huge}]
               [--layer {Attention,ConvNNAttention,ConvNNAttention-Triton,KvtAttention,LocalAttention,NeighborhoodAttention,SparseAttention}]
               [--patch_size PATCH_SIZE] [--num_layers NUM_LAYERS] [--num_heads NUM_HEADS]
               [--d_hidden D_HIDDEN] [--d_mlp D_MLP] [--dropout DROPOUT]
               [--attention_dropout ATTENTION_DROPOUT] [--drop_path_rate DROP_PATH_RATE]
               [--convolution_type {standard,depthwise,depthwise-separable}] [--K K]
               [--sampling_type {all,random,spatial}] [--num_samples NUM_SAMPLES]
               [--sample_padding SAMPLE_PADDING] [--kernel_size KERNEL_SIZE]
               [--sparse_mode {all,local,strided}] [--sparse_context_window SPARSE_CONTEXT_WINDOW]
               [--dataset {cifar10,cifar100,imagenet1k}] [--resize RESIZE] [--augment] [--noise NOISE]
               [--data_path DATA_PATH] [--compile]
               [--compile_mode {default,reduce-overhead,reduce-memory,reduce-overhead,max-autotune}]
               [--batch_size BATCH_SIZE] [--num_epochs NUM_EPOCHS] [--use_amp]
               [--clip_grad_norm CLIP_GRAD_NORM] [--num_workers NUM_WORKERS] [--persistent_workers]
               [--prefetch_factor PREFETCH_FACTOR] [--pin_memory] [--criterion {CrossEntropy,MSE}]
               [--optimizer {adam,sgd,adamw}] [--momentum MOMENTUM] [--weight_decay WEIGHT_DECAY]
               [--lr LR] [--lr_step LR_STEP] [--lr_gamma LR_GAMMA]
               [--scheduler {step,cosine,plateau,none}] [--device {cpu,cuda,mps}] [--seed SEED]
               [--output_dir OUTPUT_DIR] [--test_only] [--ddp] [--ddp_batch_size DDP_BATCH_SIZE]
main.py: error: unrecognized arguments: echo K=100 all training failed
