WARNING: overwriting environment variables set in the machine
overwriting variable ['LD_LIBRARY_PATH']
Traceback (most recent call last):
  File "/mnt/research/j.farias/mkang2/Convolutional-Nearest-Neighbor-Attention/language_main.py", line 164, in <module>
    main(args) 
    ^^^^^^^^^^
  File "/mnt/research/j.farias/mkang2/Convolutional-Nearest-Neighbor-Attention/language_main.py", line 148, in main
    train_eval_results = Train_Eval_GPT(
                         ^^^^^^^^^^^^^^^
  File "/mnt/research/j.farias/mkang2/Convolutional-Nearest-Neighbor-Attention/train_eval.py", line 606, in Train_Eval_GPT
    scaler.scale(loss).backward()
  File "/mnt/research/j.farias/mkang2/miniconda3_arm/envs/torch-gh200/lib/python3.11/site-packages/torch/_tensor.py", line 581, in backward
    torch.autograd.backward(
  File "/mnt/research/j.farias/mkang2/miniconda3_arm/envs/torch-gh200/lib/python3.11/site-packages/torch/autograd/__init__.py", line 347, in backward
    _engine_run_backward(
  File "/mnt/research/j.farias/mkang2/miniconda3_arm/envs/torch-gh200/lib/python3.11/site-packages/torch/autograd/graph.py", line 825, in _engine_run_backward
    return Variable._execution_engine.run_backward(  # Calls into the C++ engine to run the backward pass
           ^^^^^^^^^^^^^^^^^^^^^^^^^^^^^^^^^^^^^^^^^^^^^^^^^^^^^^^^^^^^^^^^^^^^^^^^^^^^^^^^^^^^^^^^^^^^^^
torch.OutOfMemoryError: CUDA out of memory. Tried to allocate 6.13 GiB. GPU 0 has a total capacity of 95.00 GiB of which 4.45 GiB is free. Including non-PyTorch memory, this process has 90.54 GiB memory in use. Of the allocated memory 87.35 GiB is allocated by PyTorch, and 2.49 GiB is reserved by PyTorch but unallocated. If reserved but unallocated memory is large try setting PYTORCH_CUDA_ALLOC_CONF=expandable_segments:True to avoid fragmentation.  See documentation for Memory Management  (https://pytorch.org/docs/stable/notes/cuda.html#environment-variables)
Traceback (most recent call last):
  File "/mnt/research/j.farias/mkang2/Convolutional-Nearest-Neighbor-Attention/language_main.py", line 164, in <module>
    main(args) 
    ^^^^^^^^^^
  File "/mnt/research/j.farias/mkang2/Convolutional-Nearest-Neighbor-Attention/language_main.py", line 148, in main
    train_eval_results = Train_Eval_GPT(
                         ^^^^^^^^^^^^^^^
  File "/mnt/research/j.farias/mkang2/Convolutional-Nearest-Neighbor-Attention/train_eval.py", line 599, in Train_Eval_GPT
    logits, loss = model(inputs, target=targets)
                   ^^^^^^^^^^^^^^^^^^^^^^^^^^^^^
  File "/mnt/research/j.farias/mkang2/miniconda3_arm/envs/torch-gh200/lib/python3.11/site-packages/torch/nn/modules/module.py", line 1736, in _wrapped_call_impl
    return self._call_impl(*args, **kwargs)
           ^^^^^^^^^^^^^^^^^^^^^^^^^^^^^^^^
  File "/mnt/research/j.farias/mkang2/miniconda3_arm/envs/torch-gh200/lib/python3.11/site-packages/torch/nn/modules/module.py", line 1747, in _call_impl
    return forward_call(*args, **kwargs)
           ^^^^^^^^^^^^^^^^^^^^^^^^^^^^^
  File "/mnt/research/j.farias/mkang2/Convolutional-Nearest-Neighbor-Attention/gpt2.py", line 96, in forward
    x = layer(x)
        ^^^^^^^^
  File "/mnt/research/j.farias/mkang2/miniconda3_arm/envs/torch-gh200/lib/python3.11/site-packages/torch/nn/modules/module.py", line 1736, in _wrapped_call_impl
    return self._call_impl(*args, **kwargs)
           ^^^^^^^^^^^^^^^^^^^^^^^^^^^^^^^^
  File "/mnt/research/j.farias/mkang2/miniconda3_arm/envs/torch-gh200/lib/python3.11/site-packages/torch/nn/modules/module.py", line 1747, in _call_impl
    return forward_call(*args, **kwargs)
           ^^^^^^^^^^^^^^^^^^^^^^^^^^^^^
  File "/mnt/research/j.farias/mkang2/Convolutional-Nearest-Neighbor-Attention/gpt2.py", line 341, in forward
    attn_output = self.attention(norm_x)
                  ^^^^^^^^^^^^^^^^^^^^^^
  File "/mnt/research/j.farias/mkang2/miniconda3_arm/envs/torch-gh200/lib/python3.11/site-packages/torch/nn/modules/module.py", line 1736, in _wrapped_call_impl
    return self._call_impl(*args, **kwargs)
           ^^^^^^^^^^^^^^^^^^^^^^^^^^^^^^^^
  File "/mnt/research/j.farias/mkang2/miniconda3_arm/envs/torch-gh200/lib/python3.11/site-packages/torch/nn/modules/module.py", line 1747, in _call_impl
    return forward_call(*args, **kwargs)
           ^^^^^^^^^^^^^^^^^^^^^^^^^^^^^
  File "/mnt/research/j.farias/mkang2/Convolutional-Nearest-Neighbor-Attention/gpt2.py", line 283, in forward
    out = self.conv(prime) # (B*num_heads, d_k, seq_length) 
          ^^^^^^^^^^^^^^^^
  File "/mnt/research/j.farias/mkang2/miniconda3_arm/envs/torch-gh200/lib/python3.11/site-packages/torch/nn/modules/module.py", line 1736, in _wrapped_call_impl
    return self._call_impl(*args, **kwargs)
           ^^^^^^^^^^^^^^^^^^^^^^^^^^^^^^^^
  File "/mnt/research/j.farias/mkang2/miniconda3_arm/envs/torch-gh200/lib/python3.11/site-packages/torch/nn/modules/module.py", line 1747, in _call_impl
    return forward_call(*args, **kwargs)
           ^^^^^^^^^^^^^^^^^^^^^^^^^^^^^
  File "/mnt/research/j.farias/mkang2/miniconda3_arm/envs/torch-gh200/lib/python3.11/site-packages/torch/nn/modules/conv.py", line 375, in forward
    return self._conv_forward(input, self.weight, self.bias)
           ^^^^^^^^^^^^^^^^^^^^^^^^^^^^^^^^^^^^^^^^^^^^^^^^^
  File "/mnt/research/j.farias/mkang2/miniconda3_arm/envs/torch-gh200/lib/python3.11/site-packages/torch/nn/modules/conv.py", line 370, in _conv_forward
    return F.conv1d(
           ^^^^^^^^^
torch.OutOfMemoryError: CUDA out of memory. Tried to allocate 2.29 GiB. GPU 0 has a total capacity of 95.00 GiB of which 1.55 GiB is free. Including non-PyTorch memory, this process has 93.44 GiB memory in use. Of the allocated memory 92.37 GiB is allocated by PyTorch, and 369.47 MiB is reserved by PyTorch but unallocated. If reserved but unallocated memory is large try setting PYTORCH_CUDA_ALLOC_CONF=expandable_segments:True to avoid fragmentation.  See documentation for Memory Management  (https://pytorch.org/docs/stable/notes/cuda.html#environment-variables)
Traceback (most recent call last):
  File "/mnt/research/j.farias/mkang2/Convolutional-Nearest-Neighbor-Attention/language_main.py", line 164, in <module>
    main(args) 
    ^^^^^^^^^^
  File "/mnt/research/j.farias/mkang2/Convolutional-Nearest-Neighbor-Attention/language_main.py", line 148, in main
    train_eval_results = Train_Eval_GPT(
                         ^^^^^^^^^^^^^^^
  File "/mnt/research/j.farias/mkang2/Convolutional-Nearest-Neighbor-Attention/train_eval.py", line 599, in Train_Eval_GPT
    logits, loss = model(inputs, target=targets)
                   ^^^^^^^^^^^^^^^^^^^^^^^^^^^^^
  File "/mnt/research/j.farias/mkang2/miniconda3_arm/envs/torch-gh200/lib/python3.11/site-packages/torch/nn/modules/module.py", line 1736, in _wrapped_call_impl
    return self._call_impl(*args, **kwargs)
           ^^^^^^^^^^^^^^^^^^^^^^^^^^^^^^^^
  File "/mnt/research/j.farias/mkang2/miniconda3_arm/envs/torch-gh200/lib/python3.11/site-packages/torch/nn/modules/module.py", line 1747, in _call_impl
    return forward_call(*args, **kwargs)
           ^^^^^^^^^^^^^^^^^^^^^^^^^^^^^
  File "/mnt/research/j.farias/mkang2/Convolutional-Nearest-Neighbor-Attention/gpt2.py", line 96, in forward
    x = layer(x)
        ^^^^^^^^
  File "/mnt/research/j.farias/mkang2/miniconda3_arm/envs/torch-gh200/lib/python3.11/site-packages/torch/nn/modules/module.py", line 1736, in _wrapped_call_impl
    return self._call_impl(*args, **kwargs)
           ^^^^^^^^^^^^^^^^^^^^^^^^^^^^^^^^
  File "/mnt/research/j.farias/mkang2/miniconda3_arm/envs/torch-gh200/lib/python3.11/site-packages/torch/nn/modules/module.py", line 1747, in _call_impl
    return forward_call(*args, **kwargs)
           ^^^^^^^^^^^^^^^^^^^^^^^^^^^^^
  File "/mnt/research/j.farias/mkang2/Convolutional-Nearest-Neighbor-Attention/gpt2.py", line 341, in forward
    attn_output = self.attention(norm_x)
                  ^^^^^^^^^^^^^^^^^^^^^^
  File "/mnt/research/j.farias/mkang2/miniconda3_arm/envs/torch-gh200/lib/python3.11/site-packages/torch/nn/modules/module.py", line 1736, in _wrapped_call_impl
    return self._call_impl(*args, **kwargs)
           ^^^^^^^^^^^^^^^^^^^^^^^^^^^^^^^^
  File "/mnt/research/j.farias/mkang2/miniconda3_arm/envs/torch-gh200/lib/python3.11/site-packages/torch/nn/modules/module.py", line 1747, in _call_impl
    return forward_call(*args, **kwargs)
           ^^^^^^^^^^^^^^^^^^^^^^^^^^^^^
  File "/mnt/research/j.farias/mkang2/Convolutional-Nearest-Neighbor-Attention/gpt2.py", line 282, in forward
    prime = self._prime(v_merged, am_merged, self.K)
            ^^^^^^^^^^^^^^^^^^^^^^^^^^^^^^^^^^^^^^^^
  File "/mnt/research/j.farias/mkang2/Convolutional-Nearest-Neighbor-Attention/gpt2.py", line 258, in _prime
    prime = topk_values_exp * prime
            ~~~~~~~~~~~~~~~~^~~~~~~
torch.OutOfMemoryError: CUDA out of memory. Tried to allocate 5.99 GiB. GPU 0 has a total capacity of 95.00 GiB of which 1.22 GiB is free. Including non-PyTorch memory, this process has 93.77 GiB memory in use. Of the allocated memory 90.50 GiB is allocated by PyTorch, and 2.57 GiB is reserved by PyTorch but unallocated. If reserved but unallocated memory is large try setting PYTORCH_CUDA_ALLOC_CONF=expandable_segments:True to avoid fragmentation.  See documentation for Memory Management  (https://pytorch.org/docs/stable/notes/cuda.html#environment-variables)
