Loading cached WikiText from /mnt/research/j.farias/mkang2/Datasets/wikitext103_cache_1024
Model: GPT2_12L_12H_768D_ConvNNAttention
Total Parameters: 124446720
Trainable Parameters: 124446720
Model Complexity (Profiler):
   - Total Parameters: 124.44672000 M
   - GFLOPs: 272.14065331
[Epoch 001] Time: 1923.2196s | [Train] Loss: 4.85822772 Perplexity: 128.80 | [Val] Loss: 3.60682046 Perplexity: 36.85
[Epoch 002] Time: 1922.6402s | [Train] Loss: 3.48106368 Perplexity: 32.49 | [Val] Loss: 3.23728138 Perplexity: 25.46
[Epoch 003] Time: 1925.7950s | [Train] Loss: 3.22749402 Perplexity: 25.22 | [Val] Loss: 3.09648019 Perplexity: 22.12
[Epoch 004] Time: 1928.6973s | [Train] Loss: 3.09634327 Perplexity: 22.12 | [Val] Loss: 3.02164516 Perplexity: 20.53
[Epoch 005] Time: 1930.8867s | [Train] Loss: 3.01014622 Perplexity: 20.29 | [Val] Loss: 2.97507456 Perplexity: 19.59
[Epoch 006] Time: 1932.2387s | [Train] Loss: 2.94641864 Perplexity: 19.04 | [Val] Loss: 2.93939736 Perplexity: 18.90
[Epoch 007] Time: 1930.5711s | [Train] Loss: 2.89542594 Perplexity: 18.09 | [Val] Loss: 2.91564655 Perplexity: 18.46
[Epoch 008] Time: 1933.2721s | [Train] Loss: 2.85275786 Perplexity: 17.34 | [Val] Loss: 2.89331400 Perplexity: 18.05
[Epoch 009] Time: 1935.4507s | [Train] Loss: 2.81470850 Perplexity: 16.69 | [Val] Loss: 2.87613752 Perplexity: 17.75
[Epoch 010] Time: 1935.8483s | [Train] Loss: 2.77921760 Perplexity: 16.11 | [Val] Loss: 2.86605978 Perplexity: 17.57
[Epoch 011] Time: 1934.4176s | [Train] Loss: 2.74607217 Perplexity: 15.58 | [Val] Loss: 2.85212460 Perplexity: 17.32
[Epoch 012] Time: 1934.4891s | [Train] Loss: 2.71356369 Perplexity: 15.08 | [Val] Loss: 2.83883780 Perplexity: 17.10
[Epoch 013] Time: 1934.5563s | [Train] Loss: 2.68121897 Perplexity: 14.60 | [Val] Loss: 2.83381483 Perplexity: 17.01
[Epoch 014] Time: 1935.8010s | [Train] Loss: 2.64874633 Perplexity: 14.14 | [Val] Loss: 2.82426316 Perplexity: 16.85
[Epoch 015] Time: 1939.4420s | [Train] Loss: 2.61522455 Perplexity: 13.67 | [Val] Loss: 2.81608465 Perplexity: 16.71
[Epoch 016] Time: 1936.5821s | [Train] Loss: 2.58106700 Perplexity: 13.21 | [Val] Loss: 2.80884588 Perplexity: 16.59
[Epoch 017] Time: 1937.0136s | [Train] Loss: 2.54561780 Perplexity: 12.75 | [Val] Loss: 2.79981965 Perplexity: 16.44
[Epoch 018] Time: 1937.8188s | [Train] Loss: 2.50924542 Perplexity: 12.30 | [Val] Loss: 2.79482070 Perplexity: 16.36
[Epoch 019] Time: 1940.7902s | [Train] Loss: 2.47202169 Perplexity: 11.85 | [Val] Loss: 2.79312161 Perplexity: 16.33
[Epoch 020] Time: 1940.0252s | [Train] Loss: 2.43591136 Perplexity: 11.43 | [Val] Loss: 2.79266480 Perplexity: 16.32
✓ Experiment 1 succeeded
Loading cached WikiText from /mnt/research/j.farias/mkang2/Datasets/wikitext103_cache_1024
Model: GPT2_12L_12H_768D_ConvNNAttention
Total Parameters: 124452096
Trainable Parameters: 124452096
Model Complexity (Profiler):
   - Total Parameters: 124.45209600 M
   - GFLOPs: 272.20664909
[Epoch 001] Time: 2932.8414s | [Train] Loss: 4.82612021 Perplexity: 124.73 | [Val] Loss: 3.59091225 Perplexity: 36.27
[Epoch 002] Time: 2933.0416s | [Train] Loss: 3.46728083 Perplexity: 32.05 | [Val] Loss: 3.21993616 Perplexity: 25.03
[Epoch 003] Time: 2933.0326s | [Train] Loss: 3.21236658 Perplexity: 24.84 | [Val] Loss: 3.07853305 Perplexity: 21.73
[Epoch 004] Time: 2934.1458s | [Train] Loss: 3.08068071 Perplexity: 21.77 | [Val] Loss: 3.00893742 Perplexity: 20.27
[Epoch 005] Time: 2936.3251s | [Train] Loss: 2.99364220 Perplexity: 19.96 | [Val] Loss: 2.95944622 Perplexity: 19.29
[Epoch 006] Time: 2939.9598s | [Train] Loss: 2.92927997 Perplexity: 18.71 | [Val] Loss: 2.92297536 Perplexity: 18.60
[Epoch 007] Time: 2939.4794s | [Train] Loss: 2.87750543 Perplexity: 17.77 | [Val] Loss: 2.89981058 Perplexity: 18.17
[Epoch 008] Time: 2940.4763s | [Train] Loss: 2.83382012 Perplexity: 17.01 | [Val] Loss: 2.88194233 Perplexity: 17.85
[Epoch 009] Time: 2941.0057s | [Train] Loss: 2.79505692 Perplexity: 16.36 | [Val] Loss: 2.86110440 Perplexity: 17.48
[Epoch 010] Time: 2941.5118s | [Train] Loss: 2.75906288 Perplexity: 15.79 | [Val] Loss: 2.84899768 Perplexity: 17.27
[Epoch 011] Time: 2942.7777s | [Train] Loss: 2.72517678 Perplexity: 15.26 | [Val] Loss: 2.83826128 Perplexity: 17.09
[Epoch 012] Time: 2945.2609s | [Train] Loss: 2.69215054 Perplexity: 14.76 | [Val] Loss: 2.82699993 Perplexity: 16.89
[Epoch 013] Time: 2944.5677s | [Train] Loss: 2.65935220 Perplexity: 14.29 | [Val] Loss: 2.82061455 Perplexity: 16.79
[Epoch 014] Time: 2946.2264s | [Train] Loss: 2.62633065 Perplexity: 13.82 | [Val] Loss: 2.81110734 Perplexity: 16.63
[Epoch 015] Time: 2945.8756s | [Train] Loss: 2.59235233 Perplexity: 13.36 | [Val] Loss: 2.80296254 Perplexity: 16.49
[Epoch 016] Time: 2947.1927s | [Train] Loss: 2.55761328 Perplexity: 12.90 | [Val] Loss: 2.79614270 Perplexity: 16.38
[Epoch 017] Time: 2947.3794s | [Train] Loss: 2.52158560 Perplexity: 12.45 | [Val] Loss: 2.78634265 Perplexity: 16.22
[Epoch 018] Time: 2946.6186s | [Train] Loss: 2.48450664 Perplexity: 12.00 | [Val] Loss: 2.78289339 Perplexity: 16.17
[Epoch 019] Time: 2948.4784s | [Train] Loss: 2.44706756 Perplexity: 11.55 | [Val] Loss: 2.78263068 Perplexity: 16.16
[Epoch 020] Time: 2947.4577s | [Train] Loss: 2.41026717 Perplexity: 11.14 | [Val] Loss: 2.78252724 Perplexity: 16.16
✓ Experiment 2 succeeded
Loading cached WikiText from /mnt/research/j.farias/mkang2/Datasets/wikitext103_cache_1024
Model: GPT2_12L_12H_768D_ConvNNAttention
Total Parameters: 124459008
Trainable Parameters: 124459008
Model Complexity (Profiler):
   - Total Parameters: 124.45900800 M
   - GFLOPs: 272.29150080
[Epoch 001] Time: 4651.0555s | [Train] Loss: 4.80835052 Perplexity: 122.53 | [Val] Loss: 3.58860728 Perplexity: 36.18
[Epoch 002] Time: 4668.5779s | [Train] Loss: 3.46779907 Perplexity: 32.07 | [Val] Loss: 3.22184545 Perplexity: 25.07
[Epoch 003] Time: 4677.6560s | [Train] Loss: 3.21323198 Perplexity: 24.86 | [Val] Loss: 3.08186623 Perplexity: 21.80
[Epoch 004] Time: 4688.2611s | [Train] Loss: 3.08101407 Perplexity: 21.78 | [Val] Loss: 3.00724852 Perplexity: 20.23
[Epoch 005] Time: 4692.8485s | [Train] Loss: 2.99295777 Perplexity: 19.94 | [Val] Loss: 2.95783889 Perplexity: 19.26
[Epoch 006] Time: 4697.1863s | [Train] Loss: 2.92841665 Perplexity: 18.70 | [Val] Loss: 2.92225355 Perplexity: 18.58
[Epoch 007] Time: 4702.8561s | [Train] Loss: 2.87652376 Perplexity: 17.75 | [Val] Loss: 2.89902338 Perplexity: 18.16
[Epoch 008] Time: 4711.2300s | [Train] Loss: 2.83313702 Perplexity: 17.00 | [Val] Loss: 2.88288093 Perplexity: 17.87
[Epoch 009] Time: 4715.0751s | [Train] Loss: 2.79450846 Perplexity: 16.35 | [Val] Loss: 2.86378878 Perplexity: 17.53
[Epoch 010] Time: 4715.9945s | [Train] Loss: 2.75885673 Perplexity: 15.78 | [Val] Loss: 2.85052398 Perplexity: 17.30
[Epoch 011] Time: 4718.5582s | [Train] Loss: 2.72513662 Perplexity: 15.26 | [Val] Loss: 2.83903870 Perplexity: 17.10
[Epoch 012] Time: 4719.5882s | [Train] Loss: 2.69239118 Perplexity: 14.77 | [Val] Loss: 2.82557651 Perplexity: 16.87
[Epoch 013] Time: 4722.4880s | [Train] Loss: 2.65987815 Perplexity: 14.29 | [Val] Loss: 2.82009375 Perplexity: 16.78
[Epoch 014] Time: 4724.1317s | [Train] Loss: 2.62702442 Perplexity: 13.83 | [Val] Loss: 2.80923882 Perplexity: 16.60
[Epoch 015] Time: 4723.8271s | [Train] Loss: 2.59332853 Perplexity: 13.37 | [Val] Loss: 2.80166253 Perplexity: 16.47
[Epoch 016] Time: 4724.5642s | [Train] Loss: 2.55902478 Perplexity: 12.92 | [Val] Loss: 2.79614690 Perplexity: 16.38
[Epoch 017] Time: 4726.3947s | [Train] Loss: 2.52323985 Perplexity: 12.47 | [Val] Loss: 2.78746700 Perplexity: 16.24
[Epoch 018] Time: 4725.9643s | [Train] Loss: 2.48660131 Perplexity: 12.02 | [Val] Loss: 2.78319380 Perplexity: 16.17
[Epoch 019] Time: 4726.8677s | [Train] Loss: 2.44925158 Perplexity: 11.58 | [Val] Loss: 2.78095770 Perplexity: 16.13
[Epoch 020] Time: 4729.0050s | [Train] Loss: 2.41287192 Perplexity: 11.17 | [Val] Loss: 2.78155896 Perplexity: 16.14
✓ Experiment 3 succeeded
Loading cached WikiText from /mnt/research/j.farias/mkang2/Datasets/wikitext103_cache_1024
Model: GPT2_12L_12H_768D_ConvNNAttention
Total Parameters: 124467456
Trainable Parameters: 124467456
Model Complexity (Profiler):
   - Total Parameters: 124.46745600 M
   - GFLOPs: 272.39520845
✗ Experiment 4 failed
Loading cached WikiText from /mnt/research/j.farias/mkang2/Datasets/wikitext103_cache_1024
Model: GPT2_12L_12H_768D_ConvNNAttention
Total Parameters: 124477440
Trainable Parameters: 124477440
Model Complexity (Profiler):
   - Total Parameters: 124.47744000 M
   - GFLOPs: 272.51777203
✗ Experiment 5 failed
Loading cached WikiText from /mnt/research/j.farias/mkang2/Datasets/wikitext103_cache_1024
Model: GPT2_12L_12H_768D_ConvNNAttention
Total Parameters: 124488960
Trainable Parameters: 124488960
Model Complexity (Profiler):
   - Total Parameters: 124.48896000 M
   - GFLOPs: 272.65919155
✗ Experiment 6 failed
=============================
Results: 3/6 experiments succeeded
3 experiment(s) failed
