Loading cached WikiText from /mnt/research/j.farias/mkang2/Datasets/wikitext103_cache_1024
Model: GPT2_12L_12H_768D_ConvNNAttention
Total Parameters: 124882176
Trainable Parameters: 124882176
Model Complexity (Profiler):
   - Total Parameters: 124.88217600 M
   - GFLOPs: 272.14065331
[Epoch 001] Time: 2198.9436s | [Train] Loss: 5.75293022 Perplexity: 315.11 | [Val] Loss: 5.53676474 Perplexity: 253.86
[Epoch 002] Time: 2197.6354s | [Train] Loss: 6.30636588 Perplexity: 548.05 | [Val] Loss: 6.72674930 Perplexity: 834.43
[Epoch 003] Time: 2205.1839s | [Train] Loss: 7.11167860 Perplexity: 1226.20 | [Val] Loss: 7.09791243 Perplexity: 1209.44
[Epoch 004] Time: 2214.6207s | [Train] Loss: 7.16856345 Perplexity: 1297.98 | [Val] Loss: 7.05945128 Perplexity: 1163.81
Warning: NaN loss at Epoch 5
✗ Experiment 1 failed
Loading cached WikiText from /mnt/research/j.farias/mkang2/Datasets/wikitext103_cache_1024
Model: GPT2_12L_12H_768D_ConvNNAttention
Total Parameters: 125226240
Trainable Parameters: 125226240
Model Complexity (Profiler):
   - Total Parameters: 125.22624000 M
   - GFLOPs: 272.20664909
[Epoch 001] Time: 2852.5989s | [Train] Loss: 4.96898034 Perplexity: 143.88 | [Val] Loss: 3.73442125 Perplexity: 41.86
[Epoch 002] Time: 2849.0034s | [Train] Loss: 3.56787250 Perplexity: 35.44 | [Val] Loss: 3.29960063 Perplexity: 27.10
[Epoch 003] Time: 2856.3951s | [Train] Loss: 3.29727881 Perplexity: 27.04 | [Val] Loss: 3.15207529 Perplexity: 23.38
[Epoch 004] Time: 2861.2643s | [Train] Loss: 3.16494254 Perplexity: 23.69 | [Val] Loss: 3.07333538 Perplexity: 21.61
[Epoch 005] Time: 2865.9303s | [Train] Loss: 3.07806943 Perplexity: 21.72 | [Val] Loss: 3.02192062 Perplexity: 20.53
[Epoch 006] Time: 2886.3537s | [Train] Loss: 3.01466787 Perplexity: 20.38 | [Val] Loss: 2.98697424 Perplexity: 19.83
[Epoch 007] Time: 2889.4637s | [Train] Loss: 2.96513609 Perplexity: 19.40 | [Val] Loss: 2.95921692 Perplexity: 19.28
[Epoch 008] Time: 2881.8033s | [Train] Loss: 2.92153050 Perplexity: 18.57 | [Val] Loss: 2.94092986 Perplexity: 18.93
[Epoch 009] Time: 2861.7455s | [Train] Loss: 2.88723523 Perplexity: 17.94 | [Val] Loss: 2.91836199 Perplexity: 18.51
[Epoch 010] Time: 2860.4385s | [Train] Loss: 2.85083838 Perplexity: 17.30 | [Val] Loss: 2.90490094 Perplexity: 18.26
[Epoch 011] Time: 2861.6047s | [Train] Loss: 2.81731827 Perplexity: 16.73 | [Val] Loss: 2.89010414 Perplexity: 18.00
[Epoch 012] Time: 2864.9979s | [Train] Loss: 2.78405792 Perplexity: 16.18 | [Val] Loss: 2.87520912 Perplexity: 17.73
[Epoch 013] Time: 2860.2826s | [Train] Loss: 2.75144572 Perplexity: 15.67 | [Val] Loss: 2.86699834 Perplexity: 17.58
[Epoch 014] Time: 2870.8366s | [Train] Loss: 2.71923180 Perplexity: 15.17 | [Val] Loss: 2.85462239 Perplexity: 17.37
[Epoch 015] Time: 2879.0821s | [Train] Loss: 2.68793112 Perplexity: 14.70 | [Val] Loss: 2.84328187 Perplexity: 17.17
[Epoch 016] Time: 2889.7554s | [Train] Loss: 2.65330564 Perplexity: 14.20 | [Val] Loss: 2.83184785 Perplexity: 16.98
