Loading cached WikiText from /mnt/research/j.farias/mkang2/Datasets/wikitext103_cache_1024
Model: GPT2_12L_12H_768D_FastConvNNAttention
Total Parameters: 124446720
Trainable Parameters: 124446720
Model Complexity (Profiler):
   - Total Parameters: 124.44672000 M
   - GFLOPs: 272.05580160
[Epoch 001] Time: 1851.2862s | [Train] Loss: 4.81759056 Perplexity: 123.67 | [Val] Loss: 3.58483493 Perplexity: 36.05
[Epoch 002] Time: 1868.5025s | [Train] Loss: 3.44545353 Perplexity: 31.36 | [Val] Loss: 3.21661651 Perplexity: 24.94
[Epoch 003] Time: 1911.8415s | [Train] Loss: 3.19256009 Perplexity: 24.35 | [Val] Loss: 3.08236095 Perplexity: 21.81
[Epoch 004] Time: 1940.4973s | [Train] Loss: 3.06155634 Perplexity: 21.36 | [Val] Loss: 3.00709793 Perplexity: 20.23
[Epoch 005] Time: 1943.8104s | [Train] Loss: 2.97523833 Perplexity: 19.59 | [Val] Loss: 2.96539530 Perplexity: 19.40
[Epoch 006] Time: 1947.4423s | [Train] Loss: 2.91084720 Perplexity: 18.37 | [Val] Loss: 2.92987147 Perplexity: 18.73
[Epoch 007] Time: 1955.6970s | [Train] Loss: 2.85876830 Perplexity: 17.44 | [Val] Loss: 2.90625346 Perplexity: 18.29
[Epoch 008] Time: 1966.8751s | [Train] Loss: 2.81473460 Perplexity: 16.69 | [Val] Loss: 2.89141515 Perplexity: 18.02
[Epoch 009] Time: 1976.0321s | [Train] Loss: 2.77558934 Perplexity: 16.05 | [Val] Loss: 2.87308878 Perplexity: 17.69
[Epoch 010] Time: 1967.9962s | [Train] Loss: 2.73927244 Perplexity: 15.48 | [Val] Loss: 2.86262661 Perplexity: 17.51
[Epoch 011] Time: 1987.9096s | [Train] Loss: 2.70445295 Perplexity: 14.95 | [Val] Loss: 2.85376364 Perplexity: 17.35
[Epoch 012] Time: 1998.9560s | [Train] Loss: 2.67068251 Perplexity: 14.45 | [Val] Loss: 2.84673336 Perplexity: 17.23
[Epoch 013] Time: 1990.1819s | [Train] Loss: 2.63681733 Perplexity: 13.97 | [Val] Loss: 2.83632380 Perplexity: 17.05
[Epoch 014] Time: 1998.1929s | [Train] Loss: 2.60253244 Perplexity: 13.50 | [Val] Loss: 2.82718763 Perplexity: 16.90
[Epoch 015] Time: 2009.1082s | [Train] Loss: 2.56729643 Perplexity: 13.03 | [Val] Loss: 2.82227865 Perplexity: 16.82
[Epoch 016] Time: 2001.2955s | [Train] Loss: 2.53107779 Perplexity: 12.57 | [Val] Loss: 2.81549245 Perplexity: 16.70
[Epoch 017] Time: 2008.1321s | [Train] Loss: 2.49342218 Perplexity: 12.10 | [Val] Loss: 2.81137535 Perplexity: 16.63
[Epoch 018] Time: 2007.8571s | [Train] Loss: 2.45454749 Perplexity: 11.64 | [Val] Loss: 2.80908626 Perplexity: 16.59
[Epoch 019] Time: 2016.1095s | [Train] Loss: 2.41481510 Perplexity: 11.19 | [Val] Loss: 2.80637208 Perplexity: 16.55
[Epoch 020] Time: 2011.9338s | [Train] Loss: 2.37593939 Perplexity: 10.76 | [Val] Loss: 2.80930740 Perplexity: 16.60
✓ Experiment 1 succeeded
Loading cached WikiText from /mnt/research/j.farias/mkang2/Datasets/wikitext103_cache_1024
Model: GPT2_12L_12H_768D_FastConvNNAttention
Total Parameters: 124452096
Trainable Parameters: 124452096
Model Complexity (Profiler):
   - Total Parameters: 124.45209600 M
   - GFLOPs: 272.05580160
[Epoch 001] Time: 2260.4441s | [Train] Loss: 4.79285165 Perplexity: 120.64 | [Val] Loss: 3.57575205 Perplexity: 35.72
[Epoch 002] Time: 2362.5231s | [Train] Loss: 3.43751841 Perplexity: 31.11 | [Val] Loss: 3.20834711 Perplexity: 24.74
[Epoch 003] Time: 2403.3306s | [Train] Loss: 3.18298228 Perplexity: 24.12 | [Val] Loss: 3.06537342 Perplexity: 21.44
[Epoch 004] Time: 2449.4094s | [Train] Loss: 3.05032099 Perplexity: 21.12 | [Val] Loss: 2.99829587 Perplexity: 20.05
[Epoch 005] Time: 2483.6436s | [Train] Loss: 2.96240613 Perplexity: 19.34 | [Val] Loss: 2.95168367 Perplexity: 19.14
[Epoch 006] Time: 2523.2656s | [Train] Loss: 2.89688875 Perplexity: 18.12 | [Val] Loss: 2.91615593 Perplexity: 18.47
[Epoch 007] Time: 2566.6589s | [Train] Loss: 2.84403517 Perplexity: 17.18 | [Val] Loss: 2.89461589 Perplexity: 18.08
[Epoch 008] Time: 2585.7176s | [Train] Loss: 2.79910161 Perplexity: 16.43 | [Val] Loss: 2.87713107 Perplexity: 17.76
[Epoch 009] Time: 2613.3230s | [Train] Loss: 2.75919242 Perplexity: 15.79 | [Val] Loss: 2.86016867 Perplexity: 17.46
[Epoch 010] Time: 2629.0639s | [Train] Loss: 2.72203147 Perplexity: 15.21 | [Val] Loss: 2.84838060 Perplexity: 17.26
[Epoch 011] Time: 2643.5929s | [Train] Loss: 2.68680049 Perplexity: 14.68 | [Val] Loss: 2.84087420 Perplexity: 17.13
[Epoch 012] Time: 2652.7771s | [Train] Loss: 2.65240899 Perplexity: 14.19 | [Val] Loss: 2.83197877 Perplexity: 16.98
[Epoch 013] Time: 2660.7872s | [Train] Loss: 2.61793829 Perplexity: 13.71 | [Val] Loss: 2.82419151 Perplexity: 16.85
[Epoch 014] Time: 2678.2668s | [Train] Loss: 2.58316109 Perplexity: 13.24 | [Val] Loss: 2.81968430 Perplexity: 16.77
[Epoch 015] Time: 2686.5471s | [Train] Loss: 2.54731565 Perplexity: 12.77 | [Val] Loss: 2.81490171 Perplexity: 16.69
[Epoch 016] Time: 2697.2940s | [Train] Loss: 2.51048330 Perplexity: 12.31 | [Val] Loss: 2.80527890 Perplexity: 16.53
[Epoch 017] Time: 2699.6094s | [Train] Loss: 2.47212784 Perplexity: 11.85 | [Val] Loss: 2.80342662 Perplexity: 16.50
[Epoch 018] Time: 2715.7362s | [Train] Loss: 2.43262112 Perplexity: 11.39 | [Val] Loss: 2.80186856 Perplexity: 16.48
[Epoch 019] Time: 2720.9767s | [Train] Loss: 2.39237668 Perplexity: 10.94 | [Val] Loss: 2.79971254 Perplexity: 16.44
[Epoch 020] Time: 2740.1196s | [Train] Loss: 2.35292827 Perplexity: 10.52 | [Val] Loss: 2.80271572 Perplexity: 16.49
✓ Experiment 2 succeeded
=============================
Results: 2/2 experiments succeeded
