Loading cached WikiText from /mnt/research/j.farias/mkang2/Datasets/wikitext103_cache_1024
Model: GPT2_12L_12H_768D_FastConvNNAttention
Total Parameters: 124459008
Trainable Parameters: 124459008
Model Complexity (Profiler):
   - Total Parameters: 124.45900800 M
   - GFLOPs: 272.05580160
[Epoch 001] Time: 2727.5377s | [Train] Loss: 4.78033042 Perplexity: 119.14 | [Val] Loss: 3.56865352 Perplexity: 35.47
[Epoch 002] Time: 2861.3036s | [Train] Loss: 3.43765449 Perplexity: 31.11 | [Val] Loss: 3.20685253 Perplexity: 24.70
[Epoch 003] Time: 2887.8218s | [Train] Loss: 3.18325383 Perplexity: 24.13 | [Val] Loss: 3.07176000 Perplexity: 21.58
[Epoch 004] Time: 2911.4722s | [Train] Loss: 3.05054537 Perplexity: 21.13 | [Val] Loss: 2.99889159 Perplexity: 20.06
[Epoch 005] Time: 2938.1816s | [Train] Loss: 2.96273910 Perplexity: 19.35 | [Val] Loss: 2.95070025 Perplexity: 19.12
[Epoch 006] Time: 2937.8474s | [Train] Loss: 2.89718401 Perplexity: 18.12 | [Val] Loss: 2.91949633 Perplexity: 18.53
[Epoch 007] Time: 2958.1487s | [Train] Loss: 2.84446485 Perplexity: 17.19 | [Val] Loss: 2.89700073 Perplexity: 18.12
[Epoch 008] Time: 2964.1604s | [Train] Loss: 2.79988755 Perplexity: 16.44 | [Val] Loss: 2.88149521 Perplexity: 17.84
[Epoch 009] Time: 2991.0131s | [Train] Loss: 2.76008971 Perplexity: 15.80 | [Val] Loss: 2.86423472 Perplexity: 17.54
[Epoch 010] Time: 2995.9306s | [Train] Loss: 2.72288070 Perplexity: 15.22 | [Val] Loss: 2.85514748 Perplexity: 17.38
[Epoch 011] Time: 3006.7523s | [Train] Loss: 2.68776074 Perplexity: 14.70 | [Val] Loss: 2.84588388 Perplexity: 17.22
[Epoch 012] Time: 3012.8869s | [Train] Loss: 2.65337109 Perplexity: 14.20 | [Val] Loss: 2.83516032 Perplexity: 17.03
[Epoch 013] Time: 3028.8233s | [Train] Loss: 2.61892805 Perplexity: 13.72 | [Val] Loss: 2.82853869 Perplexity: 16.92
[Epoch 014] Time: 3040.3853s | [Train] Loss: 2.58398379 Perplexity: 13.25 | [Val] Loss: 2.82055303 Perplexity: 16.79
[Epoch 015] Time: 3052.5732s | [Train] Loss: 2.54812709 Perplexity: 12.78 | [Val] Loss: 2.81702724 Perplexity: 16.73
[Epoch 016] Time: 3062.1477s | [Train] Loss: 2.51132600 Perplexity: 12.32 | [Val] Loss: 2.80948693 Perplexity: 16.60
[Epoch 017] Time: 3070.0333s | [Train] Loss: 2.47288949 Perplexity: 11.86 | [Val] Loss: 2.80914062 Perplexity: 16.60
[Epoch 018] Time: 3096.6163s | [Train] Loss: 2.43338463 Perplexity: 11.40 | [Val] Loss: 2.80640766 Perplexity: 16.55
[Epoch 019] Time: 3114.1465s | [Train] Loss: 2.39293801 Perplexity: 10.95 | [Val] Loss: 2.80674732 Perplexity: 16.56
[Epoch 020] Time: 3080.1278s | [Train] Loss: 2.35332868 Perplexity: 10.52 | [Val] Loss: 2.81040290 Perplexity: 16.62
✓ Experiment 1 succeeded
Loading cached WikiText from /mnt/research/j.farias/mkang2/Datasets/wikitext103_cache_1024
Model: GPT2_12L_12H_768D_FastConvNNAttention
Total Parameters: 124467456
Trainable Parameters: 124467456
Model Complexity (Profiler):
   - Total Parameters: 124.46745600 M
   - GFLOPs: 272.05580160
[Epoch 001] Time: 3345.4951s | [Train] Loss: 4.78207401 Perplexity: 119.35 | [Val] Loss: 3.57467926 Perplexity: 35.68
[Epoch 002] Time: 3579.8775s | [Train] Loss: 3.43503183 Perplexity: 31.03 | [Val] Loss: 3.20534343 Perplexity: 24.66
[Epoch 003] Time: 3584.3798s | [Train] Loss: 3.17918958 Perplexity: 24.03 | [Val] Loss: 3.06492147 Perplexity: 21.43
[Epoch 004] Time: 3555.6120s | [Train] Loss: 3.04678025 Perplexity: 21.05 | [Val] Loss: 2.99515930 Perplexity: 19.99
[Epoch 005] Time: 3571.2454s | [Train] Loss: 2.95906600 Perplexity: 19.28 | [Val] Loss: 2.95417690 Perplexity: 19.19
[Epoch 006] Time: 3609.7969s | [Train] Loss: 2.89378462 Perplexity: 18.06 | [Val] Loss: 2.91609564 Perplexity: 18.47
[Epoch 007] Time: 3603.4038s | [Train] Loss: 2.84094656 Perplexity: 17.13 | [Val] Loss: 2.89340329 Perplexity: 18.05
[Epoch 008] Time: 3611.4980s | [Train] Loss: 2.79630991 Perplexity: 16.38 | [Val] Loss: 2.87814122 Perplexity: 17.78
[Epoch 009] Time: 3612.4021s | [Train] Loss: 2.75649076 Perplexity: 15.74 | [Val] Loss: 2.85886511 Perplexity: 17.44
[Epoch 010] Time: 3625.4228s | [Train] Loss: 2.71943447 Perplexity: 15.17 | [Val] Loss: 2.85191217 Perplexity: 17.32
[Epoch 011] Time: 3625.0555s | [Train] Loss: 2.68425590 Perplexity: 14.65 | [Val] Loss: 2.83804381 Perplexity: 17.08
[Epoch 012] Time: 3620.8539s | [Train] Loss: 2.64981019 Perplexity: 14.15 | [Val] Loss: 2.82890427 Perplexity: 16.93
[Epoch 013] Time: 3623.6369s | [Train] Loss: 2.61544715 Perplexity: 13.67 | [Val] Loss: 2.82834488 Perplexity: 16.92
[Epoch 014] Time: 3637.2647s | [Train] Loss: 2.58061349 Perplexity: 13.21 | [Val] Loss: 2.81771737 Perplexity: 16.74
[Epoch 015] Time: 3642.6510s | [Train] Loss: 2.54461417 Perplexity: 12.74 | [Val] Loss: 2.81641620 Perplexity: 16.72
[Epoch 016] Time: 3643.2371s | [Train] Loss: 2.50768705 Perplexity: 12.28 | [Val] Loss: 2.80875120 Perplexity: 16.59
[Epoch 017] Time: 3658.2584s | [Train] Loss: 2.46948814 Perplexity: 11.82 | [Val] Loss: 2.80407643 Perplexity: 16.51
[Epoch 018] Time: 3664.1746s | [Train] Loss: 2.42990722 Perplexity: 11.36 | [Val] Loss: 2.80145982 Perplexity: 16.47
[Epoch 019] Time: 3670.1150s | [Train] Loss: 2.38951104 Perplexity: 10.91 | [Val] Loss: 2.80174568 Perplexity: 16.47
[Epoch 020] Time: 3664.5217s | [Train] Loss: 2.34982579 Perplexity: 10.48 | [Val] Loss: 2.80368686 Perplexity: 16.51
✓ Experiment 2 succeeded
=============================
Results: 2/2 experiments succeeded
