Not using Distributed Data Parallel Mode
Files already downloaded and verified
Files already downloaded and verified
Model: vit-tiny ConvNNAttention-Triton
Total Parameters: 5486218
Trainable Parameters: 5486218
Model Complexity (Profiler):
   - Total Parameters: 5.48621800 M
   - GFLOPs: 2.32909997
compiled success!
[Epoch 001] Time: 249.8610s | [Train] Loss: nan Accuracy: Top1: 31.9914%, Top5: 81.0850% | [Test] Loss: nan Accuracy: Top1: 10.6641%, Top5: 51.5332%
[Epoch 002] Time: 110.0829s | [Train] Loss: nan Accuracy: Top1: 10.0343%, Top5: 49.9972% | [Test] Loss: nan Accuracy: Top1: 10.4492%, Top5: 50.7715%
[Epoch 003] Time: 106.4376s | [Train] Loss: nan Accuracy: Top1: 10.0195%, Top5: 50.0128% | [Test] Loss: nan Accuracy: Top1: 10.4980%, Top5: 50.8105%
[Epoch 004] Time: 106.4426s | [Train] Loss: nan Accuracy: Top1: 10.0064%, Top5: 50.0367% | [Test] Loss: nan Accuracy: Top1: 11.1035%, Top5: 51.5918%
[Epoch 005] Time: 106.4136s | [Train] Loss: nan Accuracy: Top1: 10.0151%, Top5: 50.0295% | [Test] Loss: nan Accuracy: Top1: 10.4492%, Top5: 50.8789%
Not using Distributed Data Parallel Mode
Files already downloaded and verified
Files already downloaded and verified
Model: vit-tiny ConvNNAttention-Triton
Total Parameters: 5486218
Trainable Parameters: 5486218
Model Complexity (Profiler):
   - Total Parameters: 5.48621800 M
   - GFLOPs: 2.32909997
[Epoch 001] Time: 52.1517s | [Train] Loss: 2.02152058 Accuracy: Top1: 34.6353%, Top5: 82.6080% | [Test] Loss: 1.48530273 Accuracy: Top1: 44.8828%, Top5: 91.3281%
[Epoch 002] Time: 52.4924s | [Train] Loss: 1.39577287 Accuracy: Top1: 49.5859%, Top5: 92.7276% | [Test] Loss: 1.36596680 Accuracy: Top1: 51.1133%, Top5: 93.0469%
[Epoch 003] Time: 52.2823s | [Train] Loss: 1.24509231 Accuracy: Top1: 55.0255%, Top5: 94.6891% | [Test] Loss: 1.25419922 Accuracy: Top1: 55.0195%, Top5: 94.6777%
[Epoch 004] Time: 52.1541s | [Train] Loss: 1.14480401 Accuracy: Top1: 59.0466%, Top5: 95.6605% | [Test] Loss: 1.20847168 Accuracy: Top1: 57.9395%, Top5: 95.1953%
[Epoch 005] Time: 52.3324s | [Train] Loss: 1.05674545 Accuracy: Top1: 62.1313%, Top5: 96.5310% | [Test] Loss: 1.12474365 Accuracy: Top1: 59.5605%, Top5: 96.4746%
Not using Distributed Data Parallel Mode
Files already downloaded and verified
Files already downloaded and verified
Model: vit-tiny ConvNNAttention-Triton
Total Parameters: 5486218
Trainable Parameters: 5486218
Model Complexity (Profiler):
   - Total Parameters: 5.48621800 M
   - GFLOPs: 2.32909997
compiled success!
[Epoch 001] Time: 142.5149s | [Train] Loss: 1.95103147 Accuracy: Top1: 34.1765%, Top5: 83.2294% | [Test] Loss: 1.68649956 Accuracy: Top1: 40.0488%, Top5: 89.9512%
[Epoch 002] Time: 53.8284s | [Train] Loss: 1.52877287 Accuracy: Top1: 46.4274%, Top5: 91.5964% | [Test] Loss: 1.69571068 Accuracy: Top1: 46.1133%, Top5: 89.5703%
[Epoch 003] Time: 54.1409s | [Train] Loss: 1.47598870 Accuracy: Top1: 48.7679%, Top5: 92.4051% | [Test] Loss: 1.62877105 Accuracy: Top1: 49.3457%, Top5: 92.4219%
[Epoch 004] Time: 54.2000s | [Train] Loss: 1.45362759 Accuracy: Top1: 49.7848%, Top5: 92.6810% | [Test] Loss: 1.62505929 Accuracy: Top1: 46.9922%, Top5: 91.4648%
[Epoch 005] Time: 54.8249s | [Train] Loss: 1.43933758 Accuracy: Top1: 49.3981%, Top5: 92.6818% | [Test] Loss: 2.03427495 Accuracy: Top1: 46.5527%, Top5: 90.6348%
Not using Distributed Data Parallel Mode
Files already downloaded and verified
Files already downloaded and verified
Model: vit-tiny ConvNNAttention-Triton
Total Parameters: 5486218
Trainable Parameters: 5486218
Model Complexity (Profiler):
   - Total Parameters: 5.48621800 M
   - GFLOPs: 2.32909997
[Epoch 001] Time: 56.2651s | [Train] Loss: 1.96827060 Accuracy: Top1: 34.7369%, Top5: 83.3020% | [Test] Loss: 1.47495501 Accuracy: Top1: 44.4629%, Top5: 92.2461%
[Epoch 002] Time: 55.9923s | [Train] Loss: 1.38903475 Accuracy: Top1: 49.5512%, Top5: 92.9504% | [Test] Loss: 1.39550033 Accuracy: Top1: 51.4648%, Top5: 93.3105%
[Epoch 003] Time: 56.3230s | [Train] Loss: 1.22659556 Accuracy: Top1: 55.5046%, Top5: 94.9223% | [Test] Loss: 1.21951830 Accuracy: Top1: 55.7812%, Top5: 95.1367%
[Epoch 004] Time: 56.0649s | [Train] Loss: 1.12171808 Accuracy: Top1: 59.4460%, Top5: 95.8367% | [Test] Loss: 1.24100047 Accuracy: Top1: 56.6699%, Top5: 94.9902%
[Epoch 005] Time: 56.1101s | [Train] Loss: 1.03519371 Accuracy: Top1: 63.0469%, Top5: 96.6530% | [Test] Loss: 1.12127576 Accuracy: Top1: 60.8105%, Top5: 96.0742%
Not using Distributed Data Parallel Mode
Files already downloaded and verified
Files already downloaded and verified
Model: vit-tiny ConvNNAttention
Total Parameters: 5486218
Trainable Parameters: 5486218
Model Complexity (Profiler):
   - Total Parameters: 5.48621800 M
   - GFLOPs: 2.33318496
compiled success!
[Epoch 001] Time: 101.2052s | [Train] Loss: 1.97186701 Accuracy: Top1: 35.0626%, Top5: 83.1888% | [Test] Loss: 1.59545898 Accuracy: Top1: 39.2480%, Top5: 90.5859%
[Epoch 002] Time: 67.4562s | [Train] Loss: 1.38316784 Accuracy: Top1: 49.8095%, Top5: 92.9819% | [Test] Loss: 1.31345215 Accuracy: Top1: 52.7832%, Top5: 93.8770%
[Epoch 003] Time: 67.4101s | [Train] Loss: 1.23261456 Accuracy: Top1: 55.5808%, Top5: 94.8728% | [Test] Loss: 1.18300781 Accuracy: Top1: 57.2852%, Top5: 95.5371%
[Epoch 004] Time: 67.7600s | [Train] Loss: 1.13408516 Accuracy: Top1: 59.3523%, Top5: 95.7769% | [Test] Loss: 1.37337646 Accuracy: Top1: 52.7930%, Top5: 93.7012%
[Epoch 005] Time: 67.3394s | [Train] Loss: 1.05216068 Accuracy: Top1: 62.5187%, Top5: 96.4062% | [Test] Loss: 1.04182129 Accuracy: Top1: 62.3633%, Top5: 96.5918%
Not using Distributed Data Parallel Mode
Files already downloaded and verified
Files already downloaded and verified
Model: vit-tiny ConvNNAttention
Total Parameters: 5486218
Trainable Parameters: 5486218
Model Complexity (Profiler):
   - Total Parameters: 5.48621800 M
   - GFLOPs: 2.33318496
[Epoch 001] Time: 71.7876s | [Train] Loss: 2.07616203 Accuracy: Top1: 35.0996%, Top5: 83.2589% | [Test] Loss: 1.54274902 Accuracy: Top1: 43.7207%, Top5: 91.0254%
[Epoch 002] Time: 71.2806s | [Train] Loss: 1.36029780 Accuracy: Top1: 50.7693%, Top5: 93.4140% | [Test] Loss: 1.32470703 Accuracy: Top1: 52.5098%, Top5: 93.9453%
[Epoch 003] Time: 71.2840s | [Train] Loss: 1.21500113 Accuracy: Top1: 56.2265%, Top5: 94.7672% | [Test] Loss: 1.25076904 Accuracy: Top1: 55.2832%, Top5: 95.0195%
[Epoch 004] Time: 71.3151s | [Train] Loss: 1.10733886 Accuracy: Top1: 60.5485%, Top5: 95.9825% | [Test] Loss: 1.15295410 Accuracy: Top1: 58.9551%, Top5: 95.7422%
[Epoch 005] Time: 71.0173s | [Train] Loss: 1.02148533 Accuracy: Top1: 63.4813%, Top5: 96.6211% | [Test] Loss: 1.03946533 Accuracy: Top1: 62.6562%, Top5: 96.8066%
Not using Distributed Data Parallel Mode
Files already downloaded and verified
Files already downloaded and verified
Model: vit-tiny ConvNNAttention
Total Parameters: 5486218
Trainable Parameters: 5486218
Model Complexity (Profiler):
   - Total Parameters: 5.48621800 M
   - GFLOPs: 2.33318496
compiled success!
[Epoch 001] Time: 138.7125s | [Train] Loss: 1.91505040 Accuracy: Top1: 34.9004%, Top5: 83.4168% | [Test] Loss: 1.52504038 Accuracy: Top1: 42.6074%, Top5: 91.8750%
[Epoch 002] Time: 62.4728s | [Train] Loss: 1.37865336 Accuracy: Top1: 50.0215%, Top5: 93.0078% | [Test] Loss: 1.33474192 Accuracy: Top1: 51.8066%, Top5: 93.5840%
[Epoch 003] Time: 62.4689s | [Train] Loss: 1.22629524 Accuracy: Top1: 55.8817%, Top5: 94.7234% | [Test] Loss: 1.16344523 Accuracy: Top1: 57.7734%, Top5: 95.5078%
[Epoch 004] Time: 62.5394s | [Train] Loss: 1.11704675 Accuracy: Top1: 59.8748%, Top5: 95.8952% | [Test] Loss: 1.12790383 Accuracy: Top1: 60.2441%, Top5: 95.7129%
[Epoch 005] Time: 62.6610s | [Train] Loss: 1.03246634 Accuracy: Top1: 63.2043%, Top5: 96.5749% | [Test] Loss: 1.10748332 Accuracy: Top1: 60.4980%, Top5: 96.2207%
Not using Distributed Data Parallel Mode
Files already downloaded and verified
Files already downloaded and verified
Model: vit-tiny ConvNNAttention
Total Parameters: 5486218
Trainable Parameters: 5486218
Model Complexity (Profiler):
   - Total Parameters: 5.48621800 M
   - GFLOPs: 2.33318496
[Epoch 001] Time: 72.6483s | [Train] Loss: 1.89972919 Accuracy: Top1: 35.4967%, Top5: 83.8772% | [Test] Loss: 1.52456362 Accuracy: Top1: 44.9902%, Top5: 90.8984%
[Epoch 002] Time: 72.4889s | [Train] Loss: 1.36957651 Accuracy: Top1: 50.3571%, Top5: 93.1908% | [Test] Loss: 1.32353454 Accuracy: Top1: 52.3535%, Top5: 93.8184%
[Epoch 003] Time: 72.6708s | [Train] Loss: 1.20339194 Accuracy: Top1: 56.7335%, Top5: 95.1040% | [Test] Loss: 1.23439458 Accuracy: Top1: 55.9863%, Top5: 95.3906%
[Epoch 004] Time: 72.4477s | [Train] Loss: 1.10340853 Accuracy: Top1: 60.5186%, Top5: 96.1408% | [Test] Loss: 1.20425722 Accuracy: Top1: 58.1250%, Top5: 95.9277%
[Epoch 005] Time: 72.4808s | [Train] Loss: 1.02953080 Accuracy: Top1: 63.2366%, Top5: 96.6952% | [Test] Loss: 1.15044761 Accuracy: Top1: 59.3066%, Top5: 95.8398%
Not using Distributed Data Parallel Mode
Files already downloaded and verified
Files already downloaded and verified
Model: vit-tiny Attention
Total Parameters: 5479306
Trainable Parameters: 5479306
Model Complexity (Profiler):
   - Total Parameters: 5.47930600 M
   - GFLOPs: 2.50793184
compiled success!
[Epoch 001] Time: 66.9612s | [Train] Loss: 2.07992866 Accuracy: Top1: 32.1783%, Top5: 81.0910% | [Test] Loss: 1.61831055 Accuracy: Top1: 40.5371%, Top5: 91.0352%
[Epoch 002] Time: 29.9289s | [Train] Loss: 1.40669781 Accuracy: Top1: 48.5910%, Top5: 92.5323% | [Test] Loss: 1.31772461 Accuracy: Top1: 53.3398%, Top5: 94.0234%
[Epoch 003] Time: 29.8353s | [Train] Loss: 1.22391580 Accuracy: Top1: 55.9112%, Top5: 94.8629% | [Test] Loss: 1.15808105 Accuracy: Top1: 57.4316%, Top5: 95.8398%
[Epoch 004] Time: 29.9821s | [Train] Loss: 1.09929918 Accuracy: Top1: 60.5564%, Top5: 96.1013% | [Test] Loss: 1.19216309 Accuracy: Top1: 57.6953%, Top5: 95.8203%
[Epoch 005] Time: 30.5896s | [Train] Loss: 1.02166696 Accuracy: Top1: 63.1513%, Top5: 96.8009% | [Test] Loss: 1.07104492 Accuracy: Top1: 61.9824%, Top5: 96.6406%
Not using Distributed Data Parallel Mode
Files already downloaded and verified
Files already downloaded and verified
Model: vit-tiny Attention
Total Parameters: 5479306
Trainable Parameters: 5479306
Model Complexity (Profiler):
   - Total Parameters: 5.47930600 M
   - GFLOPs: 2.50793184
[Epoch 001] Time: 36.1981s | [Train] Loss: 2.06337783 Accuracy: Top1: 31.9898%, Top5: 81.4752% | [Test] Loss: 1.49501953 Accuracy: Top1: 44.2285%, Top5: 91.6895%
[Epoch 002] Time: 35.7891s | [Train] Loss: 1.41911793 Accuracy: Top1: 48.1852%, Top5: 92.5279% | [Test] Loss: 1.32622070 Accuracy: Top1: 51.3965%, Top5: 93.6035%
[Epoch 003] Time: 35.7616s | [Train] Loss: 1.25204008 Accuracy: Top1: 54.5022%, Top5: 94.6552% | [Test] Loss: 1.32519531 Accuracy: Top1: 52.5000%, Top5: 94.7363%
[Epoch 004] Time: 35.6918s | [Train] Loss: 1.13420048 Accuracy: Top1: 59.2347%, Top5: 95.7884% | [Test] Loss: 1.20146484 Accuracy: Top1: 57.4414%, Top5: 95.1172%
[Epoch 005] Time: 35.5811s | [Train] Loss: 1.05243243 Accuracy: Top1: 62.0875%, Top5: 96.5099% | [Test] Loss: 1.06970215 Accuracy: Top1: 62.3438%, Top5: 96.3574%
Not using Distributed Data Parallel Mode
Files already downloaded and verified
Files already downloaded and verified
Model: vit-tiny Attention
Total Parameters: 5479306
Trainable Parameters: 5479306
Model Complexity (Profiler):
   - Total Parameters: 5.47930600 M
   - GFLOPs: 2.50793184
compiled success!
[Epoch 001] Time: 113.9696s | [Train] Loss: 1.98581857 Accuracy: Top1: 32.8013%, Top5: 81.9750% | [Test] Loss: 1.53567349 Accuracy: Top1: 42.5098%, Top5: 90.7520%
[Epoch 002] Time: 32.8899s | [Train] Loss: 1.39083302 Accuracy: Top1: 49.2506%, Top5: 92.7722% | [Test] Loss: 1.28542914 Accuracy: Top1: 53.3398%, Top5: 94.1211%
[Epoch 003] Time: 32.5123s | [Train] Loss: 1.21515094 Accuracy: Top1: 56.3353%, Top5: 95.0239% | [Test] Loss: 1.14544586 Accuracy: Top1: 58.1348%, Top5: 95.9180%
[Epoch 004] Time: 33.0350s | [Train] Loss: 1.09389307 Accuracy: Top1: 60.7187%, Top5: 96.2452% | [Test] Loss: 1.15025696 Accuracy: Top1: 58.2520%, Top5: 96.1621%
[Epoch 005] Time: 32.8521s | [Train] Loss: 1.00646808 Accuracy: Top1: 64.0210%, Top5: 96.8862% | [Test] Loss: 1.02873101 Accuracy: Top1: 62.6562%, Top5: 97.0703%
Not using Distributed Data Parallel Mode
Files already downloaded and verified
Files already downloaded and verified
Model: vit-tiny Attention
Total Parameters: 5479306
Trainable Parameters: 5479306
Model Complexity (Profiler):
   - Total Parameters: 5.47930600 M
   - GFLOPs: 2.50793184
[Epoch 001] Time: 38.8704s | [Train] Loss: 1.97830644 Accuracy: Top1: 33.0273%, Top5: 82.1704% | [Test] Loss: 1.53720308 Accuracy: Top1: 43.1738%, Top5: 91.2891%
[Epoch 002] Time: 38.4536s | [Train] Loss: 1.39551684 Accuracy: Top1: 49.2032%, Top5: 92.6885% | [Test] Loss: 1.33088666 Accuracy: Top1: 51.3184%, Top5: 93.7305%
[Epoch 003] Time: 38.5832s | [Train] Loss: 1.21299078 Accuracy: Top1: 56.1061%, Top5: 95.0187% | [Test] Loss: 1.22084148 Accuracy: Top1: 55.3027%, Top5: 95.6152%
[Epoch 004] Time: 38.5406s | [Train] Loss: 1.11110705 Accuracy: Top1: 60.0654%, Top5: 96.0563% | [Test] Loss: 1.19679351 Accuracy: Top1: 57.7246%, Top5: 95.3125%
[Epoch 005] Time: 38.5778s | [Train] Loss: 1.01471539 Accuracy: Top1: 63.8815%, Top5: 96.7347% | [Test] Loss: 1.02725939 Accuracy: Top1: 63.5938%, Top5: 96.6309%
