Not using Distributed Data Parallel Mode
Files already downloaded and verified
Files already downloaded and verified
Model: vit-tiny ConvNNAttention-Triton
Total Parameters: 5538148
Trainable Parameters: 5538148
Model Complexity (Profiler):
   - Total Parameters: 5.53814800 M
   - GFLOPs: 2.32913454
Not using Distributed Data Parallel Mode
Files already downloaded and verified
Files already downloaded and verified
Model: vit-tiny ConvNNAttention
Total Parameters: 5517412
Trainable Parameters: 5517412
Model Complexity (Profiler):
   - Total Parameters: 5.51741200 M
   - GFLOPs: 2.33321952
[Epoch 001] Time: 57.5446s | [Train] Loss: 3.98922918 Accuracy: Top1: 10.7964%, Top5: 30.4839% | [Test] Loss: 3.52422864 Accuracy: Top1: 17.1677%, Top5: 41.9996%
[Epoch 002] Time: 56.6837s | [Train] Loss: 3.29052699 Accuracy: Top1: 20.3353%, Top5: 48.2433% | [Test] Loss: 3.12339300 Accuracy: Top1: 23.4276%, Top5: 52.7591%
