Traceback (most recent call last):
  File "/mnt/research/j.farias/mkang2/Convolutional-Nearest-Neighbor-Attention/main.py", line 278, in <module>
    main(args)
  File "/mnt/research/j.farias/mkang2/Convolutional-Nearest-Neighbor-Attention/main.py", line 251, in main
    train_eval_results = Train_Eval(args, 
                         ^^^^^^^^^^^^^^^^
  File "/mnt/research/j.farias/mkang2/Convolutional-Nearest-Neighbor-Attention/train_eval.py", line 153, in Train_Eval
    scaler.scale(loss).backward()
  File "/mnt/research/j.farias/mkang2/miniconda3/envs/torch-a100/lib/python3.11/site-packages/torch/_tensor.py", line 581, in backward
    torch.autograd.backward(
  File "/mnt/research/j.farias/mkang2/miniconda3/envs/torch-a100/lib/python3.11/site-packages/torch/autograd/__init__.py", line 347, in backward
    _engine_run_backward(
  File "/mnt/research/j.farias/mkang2/miniconda3/envs/torch-a100/lib/python3.11/site-packages/torch/autograd/graph.py", line 825, in _engine_run_backward
    return Variable._execution_engine.run_backward(  # Calls into the C++ engine to run the backward pass
           ^^^^^^^^^^^^^^^^^^^^^^^^^^^^^^^^^^^^^^^^^^^^^^^^^^^^^^^^^^^^^^^^^^^^^^^^^^^^^^^^^^^^^^^^^^^^^^
  File "/mnt/research/j.farias/mkang2/miniconda3/envs/torch-a100/lib/python3.11/site-packages/torch/autograd/function.py", line 307, in apply
    return user_fn(self, *args)
           ^^^^^^^^^^^^^^^^^^^^
  File "/mnt/research/j.farias/mkang2/Convolutional-Nearest-Neighbor-Attention/ConvNNAttention_Triton.py", line 136, in backward
    grad_v.scatter_add_(
RuntimeError: scatter(): Expected self.dtype to be equal to src.dtype
slurmstepd: error: *** JOB 40769 ON moose63 CANCELLED AT 2026-03-06T11:13:08 ***
