Traceback (most recent call last):
  File "/mnt/research/j.farias/mkang2/Convolutional-Nearest-Neighbor-Attention/main.py", line 278, in <module>
    main(args)
  File "/mnt/research/j.farias/mkang2/Convolutional-Nearest-Neighbor-Attention/main.py", line 251, in main
    train_eval_results = Train_Eval(args, 
                         ^^^^^^^^^^^^^^^^
  File "/mnt/research/j.farias/mkang2/Convolutional-Nearest-Neighbor-Attention/train_eval.py", line 151, in Train_Eval
    outputs = model(images)
              ^^^^^^^^^^^^^
  File "/mnt/research/j.farias/mkang2/miniconda3/envs/torch-a100/lib/python3.11/site-packages/torch/nn/modules/module.py", line 1736, in _wrapped_call_impl
    return self._call_impl(*args, **kwargs)
           ^^^^^^^^^^^^^^^^^^^^^^^^^^^^^^^^
  File "/mnt/research/j.farias/mkang2/miniconda3/envs/torch-a100/lib/python3.11/site-packages/torch/nn/modules/module.py", line 1747, in _call_impl
    return forward_call(*args, **kwargs)
           ^^^^^^^^^^^^^^^^^^^^^^^^^^^^^
  File "/mnt/research/j.farias/mkang2/Convolutional-Nearest-Neighbor-Attention/vit.py", line 73, in forward
    x = self.transformer_encoder(x)
        ^^^^^^^^^^^^^^^^^^^^^^^^^^^
  File "/mnt/research/j.farias/mkang2/miniconda3/envs/torch-a100/lib/python3.11/site-packages/torch/nn/modules/module.py", line 1736, in _wrapped_call_impl
    return self._call_impl(*args, **kwargs)
           ^^^^^^^^^^^^^^^^^^^^^^^^^^^^^^^^
  File "/mnt/research/j.farias/mkang2/miniconda3/envs/torch-a100/lib/python3.11/site-packages/torch/nn/modules/module.py", line 1747, in _call_impl
    return forward_call(*args, **kwargs)
           ^^^^^^^^^^^^^^^^^^^^^^^^^^^^^
  File "/mnt/research/j.farias/mkang2/miniconda3/envs/torch-a100/lib/python3.11/site-packages/torch/nn/modules/container.py", line 250, in forward
    input = module(input)
            ^^^^^^^^^^^^^
  File "/mnt/research/j.farias/mkang2/miniconda3/envs/torch-a100/lib/python3.11/site-packages/torch/nn/modules/module.py", line 1736, in _wrapped_call_impl
    return self._call_impl(*args, **kwargs)
           ^^^^^^^^^^^^^^^^^^^^^^^^^^^^^^^^
  File "/mnt/research/j.farias/mkang2/miniconda3/envs/torch-a100/lib/python3.11/site-packages/torch/nn/modules/module.py", line 1747, in _call_impl
    return forward_call(*args, **kwargs)
           ^^^^^^^^^^^^^^^^^^^^^^^^^^^^^
  File "/mnt/research/j.farias/mkang2/Convolutional-Nearest-Neighbor-Attention/vit.py", line 318, in forward
    attn_output = self.attention(norm_x)  
                  ^^^^^^^^^^^^^^^^^^^^^^
  File "/mnt/research/j.farias/mkang2/miniconda3/envs/torch-a100/lib/python3.11/site-packages/torch/nn/modules/module.py", line 1736, in _wrapped_call_impl
    return self._call_impl(*args, **kwargs)
           ^^^^^^^^^^^^^^^^^^^^^^^^^^^^^^^^
  File "/mnt/research/j.farias/mkang2/miniconda3/envs/torch-a100/lib/python3.11/site-packages/torch/nn/modules/module.py", line 1747, in _call_impl
    return forward_call(*args, **kwargs)
           ^^^^^^^^^^^^^^^^^^^^^^^^^^^^^
  File "/mnt/research/j.farias/mkang2/Convolutional-Nearest-Neighbor-Attention/ConvNNAttention_Triton.py", line 271, in forward
    attn_matrix = torch.matmul(q, k.transpose(-2, -1)) / np.sqrt(self.d_k)
                                                         ^^
NameError: name 'np' is not defined. Did you mean: 'nn'?
slurmstepd: error: *** JOB 40770 ON moose63 CANCELLED AT 2026-03-06T11:14:42 ***
